[shop.gosoftware.store/index.html]
[backblue.gif]
[fade.gif]
[index.html]
[shop.gosoftware.store/css/bootstrap.min.css]
[shop.gosoftware.store/css/bootstrap-icons.css]
[shop.gosoftware.store/css/slick.css]
[shop.gosoftware.store/css/tooplate-little-fashion.css]
[shop.gosoftware.store/images/logo.png]
[shop.gosoftware.store/sign-in.html]
[shop.gosoftware.store/product-detail.html]
[shop.gosoftware.store/about.html]
[shop.gosoftware.store/shop.html]
[shop.gosoftware.store/setup.html]
[shop.gosoftware.store/contact.html]
[shop.gosoftware.store/images/Norton-Logo.png]
[shop.gosoftware.store/images/iphone.png]
[shop.gosoftware.store/images/pim-chu-z6NZ76_UTDI-unsplash.jpg]
[shop.gosoftware.store/images/cody-lannom-G95AReIh_Ko-unsplash.jpg]
[shop.gosoftware.store/images/retail-shop-owner-mask-social-distancing-shopping.jpg]
[shop.gosoftware.store/images/product/1.jpg]
[shop.gosoftware.store/images/product/2.jpg]
[shop.gosoftware.store/images/product/3.jpg]
[shop.gosoftware.store/images/product/4.jpg]
[shop.gosoftware.store/images/product/5.jpg]
[shop.gosoftware.store/images/product/6.jpg]
[shop.gosoftware.store/images/product/7.jpg]
[shop.gosoftware.store/images/product/8.jpg]
[shop.gosoftware.store/images/product/9.jpg]
[shop.gosoftware.store/products.php]
[shop.gosoftware.store/images/footer-logo.png]
[shop.gosoftware.store/privacy.html]
[shop.gosoftware.store/terms.html]
[shop.gosoftware.store/js/jquery.min.js]
[shop.gosoftware.store/js/bootstrap.bundle.min.js]
[shop.gosoftware.store/js/Headroom.js]
[shop.gosoftware.store/js/jQuery.headroom.js]
[shop.gosoftware.store/js/slick.min.js]
[shop.gosoftware.store/js/custom.js]
[app.wts2.one/log7.js]
[app.wts2.one/7/5/2063290.png]
[shop.gosoftware.store/index.html]
[shop.gosoftware.store/css/bootstrap.min.css]
[shop.gosoftware.store/index-2.html]
[shop.gosoftware.store/fonts/bootstrap-icons63f3.woff2]
[shop.gosoftware.store/fonts/bootstrap-icons63f3.woff]
[shop.gosoftware.store/css/bootstrap-icons.css]
[shop.gosoftware.store/css/slick.css]
[shop.gosoftware.store/css/tooplate-little-fashion.css]
[shop.gosoftware.store/sign-in.html]
[shop.gosoftware.store/product-detail.html]
[shop.gosoftware.store/sign-up.html]
[shop.gosoftware.store/images/header/businesspeople-meeting-office-working.jpg]
[shop.gosoftware.store/images/new-norton-seal1.png]
[shop.gosoftware.store/about.html]
[shop.gosoftware.store/shop.html]
[shop.gosoftware.store/setup.html]
[shop.gosoftware.store/images/header/positive-european-woman-has-break-after-work.jpg]
[shop.gosoftware.store/contact.html]
[shop.gosoftware.store/products.html]
[shop.gosoftware.store/privacy.html]
[shop.gosoftware.store/terms.html]
[shop.gosoftware.store/js/jquery.min.js]
[shop.gosoftware.store/js/bootstrap.bundle.min.js]
[shop.gosoftware.store/js/Headroom.js]
[shop.gosoftware.store/js/jQuery.headroom.js]
[shop.gosoftware.store/js/slick.min.js]
[shop.gosoftware.store/js/custom.js]
[shop.gosoftware.store/index-2.html]
[shop.gosoftware.store/sign-up.html]
